Archive member included because of file (symbol)

d:/ahmedelshewemy/01-avr/imt_sdk_win_64/winavr/bin/../lib/gcc/avr/4.3.3/avr5\libgcc.a(_mulsi3.o)
                              ./LCD.o (__mulsi3)
d:/ahmedelshewemy/01-avr/imt_sdk_win_64/winavr/bin/../lib/gcc/avr/4.3.3/avr5\libgcc.a(_udivmodsi4.o)
                              ./LCD.o (__udivmodsi4)
d:/ahmedelshewemy/01-avr/imt_sdk_win_64/winavr/bin/../lib/gcc/avr/4.3.3/avr5\libgcc.a(_exit.o)
                              d:/ahmedelshewemy/01-avr/imt_sdk_win_64/winavr/bin/../lib/gcc/avr/4.3.3/../../../../avr/lib/avr5/crtm32.o (exit)
d:/ahmedelshewemy/01-avr/imt_sdk_win_64/winavr/bin/../lib/gcc/avr/4.3.3/avr5\libgcc.a(_copy_data.o)
                              ./KEY_PAD.o (__do_copy_data)
d:/ahmedelshewemy/01-avr/imt_sdk_win_64/winavr/bin/../lib/gcc/avr/4.3.3/avr5\libgcc.a(_clear_bss.o)
                              ./Timers.o (__do_clear_bss)
d:/ahmedelshewemy/01-avr/imt_sdk_win_64/winavr/bin/../lib/gcc/avr/4.3.3/avr5\libgcc.a(_fixunssfsi.o)
                              ./EEROM.o (__fixunssfsi)
d:/ahmedelshewemy/01-avr/imt_sdk_win_64/winavr/bin/../lib/gcc/avr/4.3.3/avr5\libgcc.a(_addsub_sf.o)
                              d:/ahmedelshewemy/01-avr/imt_sdk_win_64/winavr/bin/../lib/gcc/avr/4.3.3/avr5\libgcc.a(_fixunssfsi.o) (__subsf3)
d:/ahmedelshewemy/01-avr/imt_sdk_win_64/winavr/bin/../lib/gcc/avr/4.3.3/avr5\libgcc.a(_mul_sf.o)
                              ./EEROM.o (__mulsf3)
d:/ahmedelshewemy/01-avr/imt_sdk_win_64/winavr/bin/../lib/gcc/avr/4.3.3/avr5\libgcc.a(_div_sf.o)
                              ./LCD.o (__divsf3)
d:/ahmedelshewemy/01-avr/imt_sdk_win_64/winavr/bin/../lib/gcc/avr/4.3.3/avr5\libgcc.a(_gt_sf.o)
                              ./EEROM.o (__gtsf2)
d:/ahmedelshewemy/01-avr/imt_sdk_win_64/winavr/bin/../lib/gcc/avr/4.3.3/avr5\libgcc.a(_ge_sf.o)
                              d:/ahmedelshewemy/01-avr/imt_sdk_win_64/winavr/bin/../lib/gcc/avr/4.3.3/avr5\libgcc.a(_fixunssfsi.o) (__gesf2)
d:/ahmedelshewemy/01-avr/imt_sdk_win_64/winavr/bin/../lib/gcc/avr/4.3.3/avr5\libgcc.a(_lt_sf.o)
                              ./EEROM.o (__ltsf2)
d:/ahmedelshewemy/01-avr/imt_sdk_win_64/winavr/bin/../lib/gcc/avr/4.3.3/avr5\libgcc.a(_sf_to_si.o)
                              d:/ahmedelshewemy/01-avr/imt_sdk_win_64/winavr/bin/../lib/gcc/avr/4.3.3/avr5\libgcc.a(_fixunssfsi.o) (__fixsfsi)
d:/ahmedelshewemy/01-avr/imt_sdk_win_64/winavr/bin/../lib/gcc/avr/4.3.3/avr5\libgcc.a(_thenan_sf.o)
                              d:/ahmedelshewemy/01-avr/imt_sdk_win_64/winavr/bin/../lib/gcc/avr/4.3.3/avr5\libgcc.a(_addsub_sf.o) (__thenan_sf)
d:/ahmedelshewemy/01-avr/imt_sdk_win_64/winavr/bin/../lib/gcc/avr/4.3.3/avr5\libgcc.a(_prologue.o)
                              d:/ahmedelshewemy/01-avr/imt_sdk_win_64/winavr/bin/../lib/gcc/avr/4.3.3/avr5\libgcc.a(_addsub_sf.o) (__prologue_saves__)
d:/ahmedelshewemy/01-avr/imt_sdk_win_64/winavr/bin/../lib/gcc/avr/4.3.3/avr5\libgcc.a(_epilogue.o)
                              d:/ahmedelshewemy/01-avr/imt_sdk_win_64/winavr/bin/../lib/gcc/avr/4.3.3/avr5\libgcc.a(_addsub_sf.o) (__epilogue_restores__)
d:/ahmedelshewemy/01-avr/imt_sdk_win_64/winavr/bin/../lib/gcc/avr/4.3.3/avr5\libgcc.a(_pack_sf.o)
                              d:/ahmedelshewemy/01-avr/imt_sdk_win_64/winavr/bin/../lib/gcc/avr/4.3.3/avr5\libgcc.a(_addsub_sf.o) (__pack_f)
d:/ahmedelshewemy/01-avr/imt_sdk_win_64/winavr/bin/../lib/gcc/avr/4.3.3/avr5\libgcc.a(_unpack_sf.o)
                              d:/ahmedelshewemy/01-avr/imt_sdk_win_64/winavr/bin/../lib/gcc/avr/4.3.3/avr5\libgcc.a(_addsub_sf.o) (__unpack_f)
d:/ahmedelshewemy/01-avr/imt_sdk_win_64/winavr/bin/../lib/gcc/avr/4.3.3/avr5\libgcc.a(_fpcmp_parts_sf.o)
                              d:/ahmedelshewemy/01-avr/imt_sdk_win_64/winavr/bin/../lib/gcc/avr/4.3.3/avr5\libgcc.a(_gt_sf.o) (__fpcmp_parts_f)
d:/ahmedelshewemy/01-avr/imt_sdk_win_64/winavr/bin/../lib/gcc/avr/4.3.3/../../../../avr/lib/avr5\libc.a(itoa.o)
                              ./LCD.o (itoa)
d:/ahmedelshewemy/01-avr/imt_sdk_win_64/winavr/bin/../lib/gcc/avr/4.3.3/../../../../avr/lib/avr5\libc.a(strrev.o)
                              d:/ahmedelshewemy/01-avr/imt_sdk_win_64/winavr/bin/../lib/gcc/avr/4.3.3/../../../../avr/lib/avr5\libc.a(itoa.o) (strrev)
d:/ahmedelshewemy/01-avr/imt_sdk_win_64/winavr/bin/../lib/gcc/avr/4.3.3/avr5\libgcc.a(_udivmodhi4.o)
                              d:/ahmedelshewemy/01-avr/imt_sdk_win_64/winavr/bin/../lib/gcc/avr/4.3.3/../../../../avr/lib/avr5\libc.a(itoa.o) (__udivmodhi4)

Allocating common symbols
Common symbol       size              file

Timer0_PFun         0x2               ./Timers.o
Password            0x2               ./login.o

Memory Configuration

Name             Origin             Length             Attributes
text             0x00000000         0x00020000         xr
data             0x00800060         0x0000ffa0         rw !x
eeprom           0x00810000         0x00010000         rw !x
fuse             0x00820000         0x00000400         rw !x
lock             0x00830000         0x00000400         rw !x
signature        0x00840000         0x00000400         rw !x
*default*        0x00000000         0xffffffff

Linker script and memory map

LOAD d:/ahmedelshewemy/01-avr/imt_sdk_win_64/winavr/bin/../lib/gcc/avr/4.3.3/../../../../avr/lib/avr5/crtm32.o
LOAD ./ADC.o
LOAD ./DIO.o
LOAD ./EEROM.o
LOAD ./KEY_PAD.o
LOAD ./LCD.o
LOAD ./LEDs.o
LOAD ./Messages.o
LOAD ./Timers.o
LOAD ./USART.o
LOAD ./login.o
LOAD ./main.o
LOAD ./menu.o
LOAD d:/ahmedelshewemy/01-avr/imt_sdk_win_64/winavr/bin/../lib/gcc/avr/4.3.3/avr5\libgcc.a
LOAD d:/ahmedelshewemy/01-avr/imt_sdk_win_64/winavr/bin/../lib/gcc/avr/4.3.3/../../../../avr/lib/avr5\libc.a
LOAD d:/ahmedelshewemy/01-avr/imt_sdk_win_64/winavr/bin/../lib/gcc/avr/4.3.3/avr5\libgcc.a

.hash
 *(.hash)

.dynsym
 *(.dynsym)

.dynstr
 *(.dynstr)

.gnu.version
 *(.gnu.version)

.gnu.version_d
 *(.gnu.version_d)

.gnu.version_r
 *(.gnu.version_r)

.rel.init
 *(.rel.init)

.rela.init
 *(.rela.init)

.rel.text
 *(.rel.text)
 *(.rel.text.*)
 *(.rel.gnu.linkonce.t*)

.rela.text
 *(.rela.text)
 *(.rela.text.*)
 *(.rela.gnu.linkonce.t*)

.rel.fini
 *(.rel.fini)

.rela.fini
 *(.rela.fini)

.rel.rodata
 *(.rel.rodata)
 *(.rel.rodata.*)
 *(.rel.gnu.linkonce.r*)

.rela.rodata
 *(.rela.rodata)
 *(.rela.rodata.*)
 *(.rela.gnu.linkonce.r*)

.rel.data
 *(.rel.data)
 *(.rel.data.*)
 *(.rel.gnu.linkonce.d*)

.rela.data
 *(.rela.data)
 *(.rela.data.*)
 *(.rela.gnu.linkonce.d*)

.rel.ctors
 *(.rel.ctors)

.rela.ctors
 *(.rela.ctors)

.rel.dtors
 *(.rel.dtors)

.rela.dtors
 *(.rela.dtors)

.rel.got
 *(.rel.got)

.rela.got
 *(.rela.got)

.rel.bss
 *(.rel.bss)

.rela.bss
 *(.rela.bss)

.rel.plt
 *(.rel.plt)

.rela.plt
 *(.rela.plt)

.text           0x00000000     0x3962
 *(.vectors)
 .vectors       0x00000000       0x54 d:/ahmedelshewemy/01-avr/imt_sdk_win_64/winavr/bin/../lib/gcc/avr/4.3.3/../../../../avr/lib/avr5/crtm32.o
                0x00000000                __vectors
                0x00000000                __vector_default
 *(.vectors)
 *(.progmem.gcc*)
 *(.progmem*)
                0x00000054                . = ALIGN (0x2)
                0x00000054                __trampolines_start = .
 *(.trampolines)
 .trampolines   0x00000054        0x0 linker stubs
 *(.trampolines*)
                0x00000054                __trampolines_end = .
 *(.jumptables)
 *(.jumptables*)
 *(.lowtext)
 *(.lowtext*)
                0x00000054                __ctors_start = .
 *(.ctors)
                0x00000054                __ctors_end = .
                0x00000054                __dtors_start = .
 *(.dtors)
                0x00000054                __dtors_end = .
 SORT(*)(.ctors)
 SORT(*)(.dtors)
 *(.init0)
 .init0         0x00000054        0x0 d:/ahmedelshewemy/01-avr/imt_sdk_win_64/winavr/bin/../lib/gcc/avr/4.3.3/../../../../avr/lib/avr5/crtm32.o
                0x00000054                __init
 *(.init0)
 *(.init1)
 *(.init1)
 *(.init2)
 .init2         0x00000054        0xc d:/ahmedelshewemy/01-avr/imt_sdk_win_64/winavr/bin/../lib/gcc/avr/4.3.3/../../../../avr/lib/avr5/crtm32.o
 *(.init2)
 *(.init3)
 *(.init3)
 *(.init4)
 .init4         0x00000060       0x16 d:/ahmedelshewemy/01-avr/imt_sdk_win_64/winavr/bin/../lib/gcc/avr/4.3.3/avr5\libgcc.a(_copy_data.o)
                0x00000060                __do_copy_data
 .init4         0x00000076       0x10 d:/ahmedelshewemy/01-avr/imt_sdk_win_64/winavr/bin/../lib/gcc/avr/4.3.3/avr5\libgcc.a(_clear_bss.o)
                0x00000076                __do_clear_bss
 *(.init4)
 *(.init5)
 *(.init5)
 *(.init6)
 *(.init6)
 *(.init7)
 *(.init7)
 *(.init8)
 *(.init8)
 *(.init9)
 .init9         0x00000086        0x8 d:/ahmedelshewemy/01-avr/imt_sdk_win_64/winavr/bin/../lib/gcc/avr/4.3.3/../../../../avr/lib/avr5/crtm32.o
 *(.init9)
 *(.text)
 .text          0x0000008e        0x4 d:/ahmedelshewemy/01-avr/imt_sdk_win_64/winavr/bin/../lib/gcc/avr/4.3.3/../../../../avr/lib/avr5/crtm32.o
                0x0000008e                __vector_1
                0x0000008e                __vector_12
                0x0000008e                __bad_interrupt
                0x0000008e                __vector_6
                0x0000008e                __vector_3
                0x0000008e                __vector_13
                0x0000008e                __vector_17
                0x0000008e                __vector_19
                0x0000008e                __vector_7
                0x0000008e                __vector_5
                0x0000008e                __vector_4
                0x0000008e                __vector_9
                0x0000008e                __vector_2
                0x0000008e                __vector_15
                0x0000008e                __vector_8
                0x0000008e                __vector_14
                0x0000008e                __vector_10
                0x0000008e                __vector_16
                0x0000008e                __vector_18
                0x0000008e                __vector_20
 .text          0x00000092        0x0 ./ADC.o
 .text          0x00000092        0x0 ./DIO.o
 .text          0x00000092        0x0 ./EEROM.o
 .text          0x00000092        0x0 ./KEY_PAD.o
 .text          0x00000092        0x0 ./LCD.o
 .text          0x00000092        0x0 ./LEDs.o
 .text          0x00000092        0x0 ./Messages.o
 .text          0x00000092        0x0 ./Timers.o
 .text          0x00000092        0x0 ./USART.o
 .text          0x00000092        0x0 ./login.o
 .text          0x00000092        0x0 ./main.o
 .text          0x00000092        0x0 ./menu.o
 .text          0x00000092        0x0 d:/ahmedelshewemy/01-avr/imt_sdk_win_64/winavr/bin/../lib/gcc/avr/4.3.3/avr5\libgcc.a(_mulsi3.o)
 .text          0x00000092        0x0 d:/ahmedelshewemy/01-avr/imt_sdk_win_64/winavr/bin/../lib/gcc/avr/4.3.3/avr5\libgcc.a(_udivmodsi4.o)
 .text          0x00000092        0x0 d:/ahmedelshewemy/01-avr/imt_sdk_win_64/winavr/bin/../lib/gcc/avr/4.3.3/avr5\libgcc.a(_exit.o)
 .text          0x00000092        0x0 d:/ahmedelshewemy/01-avr/imt_sdk_win_64/winavr/bin/../lib/gcc/avr/4.3.3/avr5\libgcc.a(_copy_data.o)
 .text          0x00000092        0x0 d:/ahmedelshewemy/01-avr/imt_sdk_win_64/winavr/bin/../lib/gcc/avr/4.3.3/avr5\libgcc.a(_clear_bss.o)
 .text          0x00000092       0x58 d:/ahmedelshewemy/01-avr/imt_sdk_win_64/winavr/bin/../lib/gcc/avr/4.3.3/avr5\libgcc.a(_fixunssfsi.o)
                0x00000092                __fixunssfsi
 .text          0x000000ea      0x354 d:/ahmedelshewemy/01-avr/imt_sdk_win_64/winavr/bin/../lib/gcc/avr/4.3.3/avr5\libgcc.a(_addsub_sf.o)
                0x00000382                __subsf3
                0x000003e4                __addsf3
 .text          0x0000043e      0x1f4 d:/ahmedelshewemy/01-avr/imt_sdk_win_64/winavr/bin/../lib/gcc/avr/4.3.3/avr5\libgcc.a(_mul_sf.o)
                0x0000043e                __mulsf3
 .text          0x00000632      0x158 d:/ahmedelshewemy/01-avr/imt_sdk_win_64/winavr/bin/../lib/gcc/avr/4.3.3/avr5\libgcc.a(_div_sf.o)
                0x00000632                __divsf3
 .text          0x0000078a       0x60 d:/ahmedelshewemy/01-avr/imt_sdk_win_64/winavr/bin/../lib/gcc/avr/4.3.3/avr5\libgcc.a(_gt_sf.o)
                0x0000078a                __gtsf2
 .text          0x000007ea       0x60 d:/ahmedelshewemy/01-avr/imt_sdk_win_64/winavr/bin/../lib/gcc/avr/4.3.3/avr5\libgcc.a(_ge_sf.o)
                0x000007ea                __gesf2
 .text          0x0000084a       0x60 d:/ahmedelshewemy/01-avr/imt_sdk_win_64/winavr/bin/../lib/gcc/avr/4.3.3/avr5\libgcc.a(_lt_sf.o)
                0x0000084a                __ltsf2
 .text          0x000008aa       0xa8 d:/ahmedelshewemy/01-avr/imt_sdk_win_64/winavr/bin/../lib/gcc/avr/4.3.3/avr5\libgcc.a(_sf_to_si.o)
                0x000008aa                __fixsfsi
 .text          0x00000952        0x0 d:/ahmedelshewemy/01-avr/imt_sdk_win_64/winavr/bin/../lib/gcc/avr/4.3.3/avr5\libgcc.a(_thenan_sf.o)
 .text          0x00000952        0x0 d:/ahmedelshewemy/01-avr/imt_sdk_win_64/winavr/bin/../lib/gcc/avr/4.3.3/avr5\libgcc.a(_prologue.o)
 .text          0x00000952        0x0 d:/ahmedelshewemy/01-avr/imt_sdk_win_64/winavr/bin/../lib/gcc/avr/4.3.3/avr5\libgcc.a(_epilogue.o)
 .text          0x00000952      0x1aa d:/ahmedelshewemy/01-avr/imt_sdk_win_64/winavr/bin/../lib/gcc/avr/4.3.3/avr5\libgcc.a(_pack_sf.o)
                0x00000952                __pack_f
 .text          0x00000afc       0xf0 d:/ahmedelshewemy/01-avr/imt_sdk_win_64/winavr/bin/../lib/gcc/avr/4.3.3/avr5\libgcc.a(_unpack_sf.o)
                0x00000afc                __unpack_f
 .text          0x00000bec       0xb2 d:/ahmedelshewemy/01-avr/imt_sdk_win_64/winavr/bin/../lib/gcc/avr/4.3.3/avr5\libgcc.a(_fpcmp_parts_sf.o)
                0x00000bec                __fpcmp_parts_f
 .text          0x00000c9e        0x0 d:/ahmedelshewemy/01-avr/imt_sdk_win_64/winavr/bin/../lib/gcc/avr/4.3.3/../../../../avr/lib/avr5\libc.a(itoa.o)
 .text          0x00000c9e        0x0 d:/ahmedelshewemy/01-avr/imt_sdk_win_64/winavr/bin/../lib/gcc/avr/4.3.3/../../../../avr/lib/avr5\libc.a(strrev.o)
 .text          0x00000c9e        0x0 d:/ahmedelshewemy/01-avr/imt_sdk_win_64/winavr/bin/../lib/gcc/avr/4.3.3/avr5\libgcc.a(_udivmodhi4.o)
                0x00000c9e                . = ALIGN (0x2)
 *(.text.*)
 .text.ADC_VidInit
                0x00000c9e       0x7e ./ADC.o
                0x00000c9e                ADC_VidInit
 .text.ADC_U16GetDigitalValue
                0x00000d1c       0x7a ./ADC.o
                0x00000d1c                ADC_U16GetDigitalValue
 .text.DIO_VidSetPinDirection
                0x00000d96      0x210 ./DIO.o
                0x00000d96                DIO_VidSetPinDirection
 .text.DIO_VidSetPinValue
                0x00000fa6      0x210 ./DIO.o
                0x00000fa6                DIO_VidSetPinValue
 .text.DIO_VidPortDirection
                0x000011b6       0x82 ./DIO.o
                0x000011b6                DIO_VidPortDirection
 .text.DIO_VidPortValue
                0x00001238       0x82 ./DIO.o
                0x00001238                DIO_VidPortValue
 .text.DIO_VidTogglePinValue
                0x000012ba       0xfa ./DIO.o
                0x000012ba                DIO_VidTogglePinValue
 .text.DIO_U8GetPinValue
                0x000013b4       0xf2 ./DIO.o
                0x000013b4                DIO_U8GetPinValue
 .text.EEROM    0x000014a6      0x2d4 ./EEROM.o
                0x000014a6                EEROM
 .text.EEPROM_Read_Byte
                0x0000177a       0x4a ./EEROM.o
                0x0000177a                EEPROM_Read_Byte
 .text.EEPROM_Write_Byte
                0x000017c4       0x74 ./EEROM.o
                0x000017c4                EEPROM_Write_Byte
 .text.KPAD_VidInint
                0x00001838       0x1e ./KEY_PAD.o
                0x00001838                KPAD_VidInint
 .text.KPD_u8GetPressedKey
                0x00001856      0x1a8 ./KEY_PAD.o
                0x00001856                KPD_u8GetPressedKey
 .text.LCD_VidInit
                0x000019fe      0x3f4 ./LCD.o
                0x000019fe                LCD_VidInit
 .text.LCD_VidSendCommand
                0x00001df2      0x1d4 ./LCD.o
                0x00001df2                LCD_VidSendCommand
 .text.LCD_vidSendChar
                0x00001fc6      0x1d4 ./LCD.o
                0x00001fc6                LCD_vidSendChar
 .text.LCD_VidGoToLocation
                0x0000219a      0x140 ./LCD.o
                0x0000219a                LCD_VidGoToLocation
 .text.LCD_VidSendString
                0x000022da       0x38 ./LCD.o
                0x000022da                LCD_VidSendString
 .text.LCD_VidSendNum
                0x00002312       0x4a ./LCD.o
                0x00002312                LCD_VidSendNum
 .text.LCD_VidSendNumber
                0x0000235c      0x152 ./LCD.o
                0x0000235c                LCD_VidSendNumber
 .text.LCD_VidSetClEAR
                0x000024ae       0x1c ./LCD.o
                0x000024ae                LCD_VidSetClEAR
 .text.LEDs_TurnON
                0x000024ca       0x16 ./LEDs.o
                0x000024ca                LEDs_TurnON
 .text.LEDsSystemModeDirection
                0x000024e0       0x2c ./LEDs.o
                0x000024e0                LEDsSystemModeDirection
 .text.LED_Light_Sensor_Direction
                0x0000250c       0x18 ./LEDs.o
                0x0000250c                LED_Light_Sensor_Direction
 .text.MessageWelcomeToEnterSystem
                0x00002524      0x12e ./Messages.o
                0x00002524                MessageWelcomeToEnterSystem
 .text.MessageWelcome
                0x00002652      0x122 ./Messages.o
                0x00002652                MessageWelcome
 .text.MessageMenu
                0x00002774       0x2a ./Messages.o
                0x00002774                MessageMenu
 .text.MessageSetPassowrd
                0x0000279e       0x1a ./Messages.o
                0x0000279e                MessageSetPassowrd
 .text.MessageLoginForFirstPassowrd
                0x000027b8      0x142 ./Messages.o
                0x000027b8                MessageLoginForFirstPassowrd
 .text.MessageSavePassword
                0x000028fa      0x116 ./Messages.o
                0x000028fa                MessageSavePassword
 .text.MessageWrongPassword
                0x00002a10      0x116 ./Messages.o
                0x00002a10                MessageWrongPassword
 .text.MessageWrongSelect
                0x00002b26      0x116 ./Messages.o
                0x00002b26                MessageWrongSelect
 .text.MessageSelect
                0x00002c3c       0x2a ./Messages.o
                0x00002c3c                MessageSelect
 .text.RunBuzzer
                0x00002c66      0x22a ./Messages.o
                0x00002c66                RunBuzzer
 .text.MessageNotAllowedMore_3
                0x00002e90       0x34 ./Messages.o
                0x00002e90                MessageNotAllowedMore_3
 .text.MessagegetTemperature
                0x00002ec4      0x15a ./Messages.o
                0x00002ec4                MessagegetTemperature
 .text.Timer_VidTimer1Init
                0x0000301e       0xa4 ./Timers.o
                0x0000301e                Timer_VidTimer1Init
 .text.Timers_VidTimer0Init
                0x000030c2       0x78 ./Timers.o
                0x000030c2                Timers_VidTimer0Init
 .text.Timers_VidTimer0SetCallBack
                0x0000313a       0x24 ./Timers.o
                0x0000313a                Timers_VidTimer0SetCallBack
 .text.__vector_11
                0x0000315e       0x8c ./Timers.o
                0x0000315e                __vector_11
 .text.USART    0x000031ea       0x26 ./USART.o
                0x000031ea                USART
 .text.USART_VidInit
                0x00003210       0xac ./USART.o
                0x00003210                USART_VidInit
 .text.USART_VidSendChar
                0x000032bc       0x34 ./USART.o
                0x000032bc                USART_VidSendChar
 .text.USART_U8GetChar
                0x000032f0       0x26 ./USART.o
                0x000032f0                USART_U8GetChar
 .text.SetPassword
                0x00003316       0x24 ./login.o
                0x00003316                SetPassword
 .text.CheckUser
                0x0000333a       0x58 ./login.o
                0x0000333a                CheckUser
 .text.getnum   0x00003392       0xf2 ./login.o
                0x00003392                getnum
 .text.Login    0x00003484       0x66 ./login.o
                0x00003484                Login
 .text.LoginAdmin
                0x000034ea       0xbe ./login.o
                0x000034ea                LoginAdmin
 .text.CheckLight
                0x000035a8       0x3e ./main.o
                0x000035a8                CheckLight
 .text.main     0x000035e6       0x3e ./main.o
                0x000035e6                main
 .text.Menu     0x00003624      0x1c0 ./menu.o
                0x00003624                Menu
 .text.libgcc   0x000037e4       0x3e d:/ahmedelshewemy/01-avr/imt_sdk_win_64/winavr/bin/../lib/gcc/avr/4.3.3/avr5\libgcc.a(_mulsi3.o)
                0x000037e4                __mulsi3
 .text.libgcc   0x00003822       0x44 d:/ahmedelshewemy/01-avr/imt_sdk_win_64/winavr/bin/../lib/gcc/avr/4.3.3/avr5\libgcc.a(_udivmodsi4.o)
                0x00003822                __udivmodsi4
 .text.libgcc   0x00003866        0x0 d:/ahmedelshewemy/01-avr/imt_sdk_win_64/winavr/bin/../lib/gcc/avr/4.3.3/avr5\libgcc.a(_exit.o)
 .text.libgcc   0x00003866        0x0 d:/ahmedelshewemy/01-avr/imt_sdk_win_64/winavr/bin/../lib/gcc/avr/4.3.3/avr5\libgcc.a(_copy_data.o)
 .text.libgcc   0x00003866        0x0 d:/ahmedelshewemy/01-avr/imt_sdk_win_64/winavr/bin/../lib/gcc/avr/4.3.3/avr5\libgcc.a(_clear_bss.o)
 .text.libgcc   0x00003866       0x38 d:/ahmedelshewemy/01-avr/imt_sdk_win_64/winavr/bin/../lib/gcc/avr/4.3.3/avr5\libgcc.a(_prologue.o)
                0x00003866                __prologue_saves__
 .text.libgcc   0x0000389e       0x36 d:/ahmedelshewemy/01-avr/imt_sdk_win_64/winavr/bin/../lib/gcc/avr/4.3.3/avr5\libgcc.a(_epilogue.o)
                0x0000389e                __epilogue_restores__
 .text.avr-libc
                0x000038d4       0x42 d:/ahmedelshewemy/01-avr/imt_sdk_win_64/winavr/bin/../lib/gcc/avr/4.3.3/../../../../avr/lib/avr5\libc.a(itoa.o)
                0x000038d4                itoa
 .text.avr-libc
                0x00003916       0x20 d:/ahmedelshewemy/01-avr/imt_sdk_win_64/winavr/bin/../lib/gcc/avr/4.3.3/../../../../avr/lib/avr5\libc.a(strrev.o)
                0x00003916                strrev
 .text.libgcc   0x00003936       0x28 d:/ahmedelshewemy/01-avr/imt_sdk_win_64/winavr/bin/../lib/gcc/avr/4.3.3/avr5\libgcc.a(_udivmodhi4.o)
                0x00003936                __udivmodhi4
                0x0000395e                . = ALIGN (0x2)
 *(.fini9)
 .fini9         0x0000395e        0x0 d:/ahmedelshewemy/01-avr/imt_sdk_win_64/winavr/bin/../lib/gcc/avr/4.3.3/avr5\libgcc.a(_exit.o)
                0x0000395e                exit
                0x0000395e                _exit
 *(.fini9)
 *(.fini8)
 *(.fini8)
 *(.fini7)
 *(.fini7)
 *(.fini6)
 *(.fini6)
 *(.fini5)
 *(.fini5)
 *(.fini4)
 *(.fini4)
 *(.fini3)
 *(.fini3)
 *(.fini2)
 *(.fini2)
 *(.fini1)
 *(.fini1)
 *(.fini0)
 .fini0         0x0000395e        0x4 d:/ahmedelshewemy/01-avr/imt_sdk_win_64/winavr/bin/../lib/gcc/avr/4.3.3/avr5\libgcc.a(_exit.o)
 *(.fini0)
                0x00003962                _etext = .

.data           0x00800060      0x128 load address 0x00003962
                0x00800060                PROVIDE (__data_start, .)
 *(.data)
 .data          0x00800060        0x0 d:/ahmedelshewemy/01-avr/imt_sdk_win_64/winavr/bin/../lib/gcc/avr/4.3.3/../../../../avr/lib/avr5/crtm32.o
 .data          0x00800060        0x0 ./ADC.o
 .data          0x00800060        0x0 ./DIO.o
 .data          0x00800060        0x0 ./EEROM.o
 .data          0x00800060        0x0 ./KEY_PAD.o
 .data          0x00800060        0x0 ./LCD.o
 .data          0x00800060        0x0 ./LEDs.o
 .data          0x00800060       0xf5 ./Messages.o
 .data          0x00800155        0x0 ./Timers.o
 .data          0x00800155        0x0 ./USART.o
 .data          0x00800155        0x0 ./login.o
 .data          0x00800155        0x0 ./main.o
 .data          0x00800155       0x1e ./menu.o
 .data          0x00800173        0x0 d:/ahmedelshewemy/01-avr/imt_sdk_win_64/winavr/bin/../lib/gcc/avr/4.3.3/avr5\libgcc.a(_mulsi3.o)
 .data          0x00800173        0x0 d:/ahmedelshewemy/01-avr/imt_sdk_win_64/winavr/bin/../lib/gcc/avr/4.3.3/avr5\libgcc.a(_udivmodsi4.o)
 .data          0x00800173        0x0 d:/ahmedelshewemy/01-avr/imt_sdk_win_64/winavr/bin/../lib/gcc/avr/4.3.3/avr5\libgcc.a(_exit.o)
 .data          0x00800173        0x0 d:/ahmedelshewemy/01-avr/imt_sdk_win_64/winavr/bin/../lib/gcc/avr/4.3.3/avr5\libgcc.a(_copy_data.o)
 .data          0x00800173        0x0 d:/ahmedelshewemy/01-avr/imt_sdk_win_64/winavr/bin/../lib/gcc/avr/4.3.3/avr5\libgcc.a(_clear_bss.o)
 .data          0x00800173        0x0 d:/ahmedelshewemy/01-avr/imt_sdk_win_64/winavr/bin/../lib/gcc/avr/4.3.3/avr5\libgcc.a(_fixunssfsi.o)
 .data          0x00800173        0x0 d:/ahmedelshewemy/01-avr/imt_sdk_win_64/winavr/bin/../lib/gcc/avr/4.3.3/avr5\libgcc.a(_addsub_sf.o)
 .data          0x00800173        0x0 d:/ahmedelshewemy/01-avr/imt_sdk_win_64/winavr/bin/../lib/gcc/avr/4.3.3/avr5\libgcc.a(_mul_sf.o)
 .data          0x00800173        0x0 d:/ahmedelshewemy/01-avr/imt_sdk_win_64/winavr/bin/../lib/gcc/avr/4.3.3/avr5\libgcc.a(_div_sf.o)
 .data          0x00800173        0x0 d:/ahmedelshewemy/01-avr/imt_sdk_win_64/winavr/bin/../lib/gcc/avr/4.3.3/avr5\libgcc.a(_gt_sf.o)
 .data          0x00800173        0x0 d:/ahmedelshewemy/01-avr/imt_sdk_win_64/winavr/bin/../lib/gcc/avr/4.3.3/avr5\libgcc.a(_ge_sf.o)
 .data          0x00800173        0x0 d:/ahmedelshewemy/01-avr/imt_sdk_win_64/winavr/bin/../lib/gcc/avr/4.3.3/avr5\libgcc.a(_lt_sf.o)
 .data          0x00800173        0x0 d:/ahmedelshewemy/01-avr/imt_sdk_win_64/winavr/bin/../lib/gcc/avr/4.3.3/avr5\libgcc.a(_sf_to_si.o)
 .data          0x00800173        0x8 d:/ahmedelshewemy/01-avr/imt_sdk_win_64/winavr/bin/../lib/gcc/avr/4.3.3/avr5\libgcc.a(_thenan_sf.o)
                0x00800173                __thenan_sf
 .data          0x0080017b        0x0 d:/ahmedelshewemy/01-avr/imt_sdk_win_64/winavr/bin/../lib/gcc/avr/4.3.3/avr5\libgcc.a(_prologue.o)
 .data          0x0080017b        0x0 d:/ahmedelshewemy/01-avr/imt_sdk_win_64/winavr/bin/../lib/gcc/avr/4.3.3/avr5\libgcc.a(_epilogue.o)
 .data          0x0080017b        0x0 d:/ahmedelshewemy/01-avr/imt_sdk_win_64/winavr/bin/../lib/gcc/avr/4.3.3/avr5\libgcc.a(_pack_sf.o)
 .data          0x0080017b        0x0 d:/ahmedelshewemy/01-avr/imt_sdk_win_64/winavr/bin/../lib/gcc/avr/4.3.3/avr5\libgcc.a(_unpack_sf.o)
 .data          0x0080017b        0x0 d:/ahmedelshewemy/01-avr/imt_sdk_win_64/winavr/bin/../lib/gcc/avr/4.3.3/avr5\libgcc.a(_fpcmp_parts_sf.o)
 .data          0x0080017b        0x0 d:/ahmedelshewemy/01-avr/imt_sdk_win_64/winavr/bin/../lib/gcc/avr/4.3.3/../../../../avr/lib/avr5\libc.a(itoa.o)
 .data          0x0080017b        0x0 d:/ahmedelshewemy/01-avr/imt_sdk_win_64/winavr/bin/../lib/gcc/avr/4.3.3/../../../../avr/lib/avr5\libc.a(strrev.o)
 .data          0x0080017b        0x0 d:/ahmedelshewemy/01-avr/imt_sdk_win_64/winavr/bin/../lib/gcc/avr/4.3.3/avr5\libgcc.a(_udivmodhi4.o)
 *(.data*)
 *(.rodata)
 *(.rodata*)
 .rodata.arr    0x0080017b        0xc ./KEY_PAD.o
                0x0080017b                arr
 *(.gnu.linkonce.d*)
                0x00800188                . = ALIGN (0x2)
 *fill*         0x00800187        0x1 00
                0x00800188                _edata = .
                0x00800188                PROVIDE (__data_end, .)

.bss            0x00800188        0x6
                0x00800188                PROVIDE (__bss_start, .)
 *(.bss)
 .bss           0x00800188        0x0 d:/ahmedelshewemy/01-avr/imt_sdk_win_64/winavr/bin/../lib/gcc/avr/4.3.3/../../../../avr/lib/avr5/crtm32.o
 .bss           0x00800188        0x0 ./ADC.o
 .bss           0x00800188        0x0 ./DIO.o
 .bss           0x00800188        0x0 ./EEROM.o
 .bss           0x00800188        0x0 ./KEY_PAD.o
 .bss           0x00800188        0x0 ./LCD.o
 .bss           0x00800188        0x0 ./LEDs.o
 .bss           0x00800188        0x0 ./Messages.o
 .bss           0x00800188        0x0 ./Timers.o
 .bss           0x00800188        0x0 ./USART.o
 .bss           0x00800188        0x0 ./login.o
 .bss           0x00800188        0x0 ./main.o
 .bss           0x00800188        0x0 ./menu.o
 .bss           0x00800188        0x0 d:/ahmedelshewemy/01-avr/imt_sdk_win_64/winavr/bin/../lib/gcc/avr/4.3.3/avr5\libgcc.a(_mulsi3.o)
 .bss           0x00800188        0x0 d:/ahmedelshewemy/01-avr/imt_sdk_win_64/winavr/bin/../lib/gcc/avr/4.3.3/avr5\libgcc.a(_udivmodsi4.o)
 .bss           0x00800188        0x0 d:/ahmedelshewemy/01-avr/imt_sdk_win_64/winavr/bin/../lib/gcc/avr/4.3.3/avr5\libgcc.a(_exit.o)
 .bss           0x00800188        0x0 d:/ahmedelshewemy/01-avr/imt_sdk_win_64/winavr/bin/../lib/gcc/avr/4.3.3/avr5\libgcc.a(_copy_data.o)
 .bss           0x00800188        0x0 d:/ahmedelshewemy/01-avr/imt_sdk_win_64/winavr/bin/../lib/gcc/avr/4.3.3/avr5\libgcc.a(_clear_bss.o)
 .bss           0x00800188        0x0 d:/ahmedelshewemy/01-avr/imt_sdk_win_64/winavr/bin/../lib/gcc/avr/4.3.3/avr5\libgcc.a(_fixunssfsi.o)
 .bss           0x00800188        0x0 d:/ahmedelshewemy/01-avr/imt_sdk_win_64/winavr/bin/../lib/gcc/avr/4.3.3/avr5\libgcc.a(_addsub_sf.o)
 .bss           0x00800188        0x0 d:/ahmedelshewemy/01-avr/imt_sdk_win_64/winavr/bin/../lib/gcc/avr/4.3.3/avr5\libgcc.a(_mul_sf.o)
 .bss           0x00800188        0x0 d:/ahmedelshewemy/01-avr/imt_sdk_win_64/winavr/bin/../lib/gcc/avr/4.3.3/avr5\libgcc.a(_div_sf.o)
 .bss           0x00800188        0x0 d:/ahmedelshewemy/01-avr/imt_sdk_win_64/winavr/bin/../lib/gcc/avr/4.3.3/avr5\libgcc.a(_gt_sf.o)
 .bss           0x00800188        0x0 d:/ahmedelshewemy/01-avr/imt_sdk_win_64/winavr/bin/../lib/gcc/avr/4.3.3/avr5\libgcc.a(_ge_sf.o)
 .bss           0x00800188        0x0 d:/ahmedelshewemy/01-avr/imt_sdk_win_64/winavr/bin/../lib/gcc/avr/4.3.3/avr5\libgcc.a(_lt_sf.o)
 .bss           0x00800188        0x0 d:/ahmedelshewemy/01-avr/imt_sdk_win_64/winavr/bin/../lib/gcc/avr/4.3.3/avr5\libgcc.a(_sf_to_si.o)
 .bss           0x00800188        0x0 d:/ahmedelshewemy/01-avr/imt_sdk_win_64/winavr/bin/../lib/gcc/avr/4.3.3/avr5\libgcc.a(_thenan_sf.o)
 .bss           0x00800188        0x0 d:/ahmedelshewemy/01-avr/imt_sdk_win_64/winavr/bin/../lib/gcc/avr/4.3.3/avr5\libgcc.a(_prologue.o)
 .bss           0x00800188        0x0 d:/ahmedelshewemy/01-avr/imt_sdk_win_64/winavr/bin/../lib/gcc/avr/4.3.3/avr5\libgcc.a(_epilogue.o)
 .bss           0x00800188        0x0 d:/ahmedelshewemy/01-avr/imt_sdk_win_64/winavr/bin/../lib/gcc/avr/4.3.3/avr5\libgcc.a(_pack_sf.o)
 .bss           0x00800188        0x0 d:/ahmedelshewemy/01-avr/imt_sdk_win_64/winavr/bin/../lib/gcc/avr/4.3.3/avr5\libgcc.a(_unpack_sf.o)
 .bss           0x00800188        0x0 d:/ahmedelshewemy/01-avr/imt_sdk_win_64/winavr/bin/../lib/gcc/avr/4.3.3/avr5\libgcc.a(_fpcmp_parts_sf.o)
 .bss           0x00800188        0x0 d:/ahmedelshewemy/01-avr/imt_sdk_win_64/winavr/bin/../lib/gcc/avr/4.3.3/../../../../avr/lib/avr5\libc.a(itoa.o)
 .bss           0x00800188        0x0 d:/ahmedelshewemy/01-avr/imt_sdk_win_64/winavr/bin/../lib/gcc/avr/4.3.3/../../../../avr/lib/avr5\libc.a(strrev.o)
 .bss           0x00800188        0x0 d:/ahmedelshewemy/01-avr/imt_sdk_win_64/winavr/bin/../lib/gcc/avr/4.3.3/avr5\libgcc.a(_udivmodhi4.o)
 *(.bss*)
 .bss.Local_U16CounterOVF.1314
                0x00800188        0x2 ./Timers.o
 *(COMMON)
 COMMON         0x0080018a        0x2 ./Timers.o
                0x0080018a                Timer0_PFun
 COMMON         0x0080018c        0x2 ./login.o
                0x0080018c                Password
                0x0080018e                PROVIDE (__bss_end, .)
                0x00003962                __data_load_start = LOADADDR (.data)
                0x00003a8a                __data_load_end = (__data_load_start + SIZEOF (.data))

.noinit         0x0080018e        0x0
                0x0080018e                PROVIDE (__noinit_start, .)
 *(.noinit*)
                0x0080018e                PROVIDE (__noinit_end, .)
                0x0080018e                _end = .
                0x0080018e                PROVIDE (__heap_start, .)

.eeprom         0x00810000        0x0
 *(.eeprom*)
                0x00810000                __eeprom_end = .

.fuse
 *(.fuse)
 *(.lfuse)
 *(.hfuse)
 *(.efuse)

.lock
 *(.lock*)

.signature
 *(.signature*)

.stab           0x00000000     0x3d98
 *(.stab)
 .stab          0x00000000      0x4b0 ./ADC.o
 .stab          0x000004b0      0x4ec ./DIO.o
                                0x72c (size before relaxing)
 .stab          0x0000099c      0x5d0 ./EEROM.o
                                0x81c (size before relaxing)
 .stab          0x00000f6c      0x354 ./KEY_PAD.o
                                0x5ac (size before relaxing)
 .stab          0x000012c0      0xabc ./LCD.o
                                0xd74 (size before relaxing)
 .stab          0x00001d7c      0x1f8 ./LEDs.o
                                0x450 (size before relaxing)
 .stab          0x00001f74      0xc3c ./Messages.o
                                0xef4 (size before relaxing)
 .stab          0x00002bb0      0x33c ./Timers.o
                                0x588 (size before relaxing)
 .stab          0x00002eec      0x354 ./USART.o
                                0x5ac (size before relaxing)
 .stab          0x00003240      0x51c ./login.o
                                0x7d4 (size before relaxing)
 .stab          0x0000375c      0x27c ./main.o
                                0x534 (size before relaxing)
 .stab          0x000039d8      0x3c0 ./menu.o
                                0x678 (size before relaxing)

.stabstr        0x00000000     0x13ec
 *(.stabstr)
 .stabstr       0x00000000     0x13ec ./ADC.o

.stab.excl
 *(.stab.excl)

.stab.exclstr
 *(.stab.exclstr)

.stab.index
 *(.stab.index)

.stab.indexstr
 *(.stab.indexstr)

.comment
 *(.comment)

.debug
 *(.debug)

.line
 *(.line)

.debug_srcinfo
 *(.debug_srcinfo)

.debug_sfnames
 *(.debug_sfnames)

.debug_aranges  0x00000000      0x160
 *(.debug_aranges)
 .debug_aranges
                0x00000000       0x20 d:/ahmedelshewemy/01-avr/imt_sdk_win_64/winavr/bin/../lib/gcc/avr/4.3.3/avr5\libgcc.a(_fixunssfsi.o)
 .debug_aranges
                0x00000020       0x20 d:/ahmedelshewemy/01-avr/imt_sdk_win_64/winavr/bin/../lib/gcc/avr/4.3.3/avr5\libgcc.a(_addsub_sf.o)
 .debug_aranges
                0x00000040       0x20 d:/ahmedelshewemy/01-avr/imt_sdk_win_64/winavr/bin/../lib/gcc/avr/4.3.3/avr5\libgcc.a(_mul_sf.o)
 .debug_aranges
                0x00000060       0x20 d:/ahmedelshewemy/01-avr/imt_sdk_win_64/winavr/bin/../lib/gcc/avr/4.3.3/avr5\libgcc.a(_div_sf.o)
 .debug_aranges
                0x00000080       0x20 d:/ahmedelshewemy/01-avr/imt_sdk_win_64/winavr/bin/../lib/gcc/avr/4.3.3/avr5\libgcc.a(_gt_sf.o)
 .debug_aranges
                0x000000a0       0x20 d:/ahmedelshewemy/01-avr/imt_sdk_win_64/winavr/bin/../lib/gcc/avr/4.3.3/avr5\libgcc.a(_ge_sf.o)
 .debug_aranges
                0x000000c0       0x20 d:/ahmedelshewemy/01-avr/imt_sdk_win_64/winavr/bin/../lib/gcc/avr/4.3.3/avr5\libgcc.a(_lt_sf.o)
 .debug_aranges
                0x000000e0       0x20 d:/ahmedelshewemy/01-avr/imt_sdk_win_64/winavr/bin/../lib/gcc/avr/4.3.3/avr5\libgcc.a(_sf_to_si.o)
 .debug_aranges
                0x00000100       0x20 d:/ahmedelshewemy/01-avr/imt_sdk_win_64/winavr/bin/../lib/gcc/avr/4.3.3/avr5\libgcc.a(_pack_sf.o)
 .debug_aranges
                0x00000120       0x20 d:/ahmedelshewemy/01-avr/imt_sdk_win_64/winavr/bin/../lib/gcc/avr/4.3.3/avr5\libgcc.a(_unpack_sf.o)
 .debug_aranges
                0x00000140       0x20 d:/ahmedelshewemy/01-avr/imt_sdk_win_64/winavr/bin/../lib/gcc/avr/4.3.3/avr5\libgcc.a(_fpcmp_parts_sf.o)

.debug_pubnames
                0x00000000      0x18f
 *(.debug_pubnames)
 .debug_pubnames
                0x00000000       0x23 d:/ahmedelshewemy/01-avr/imt_sdk_win_64/winavr/bin/../lib/gcc/avr/4.3.3/avr5\libgcc.a(_fixunssfsi.o)
 .debug_pubnames
                0x00000023       0x2c d:/ahmedelshewemy/01-avr/imt_sdk_win_64/winavr/bin/../lib/gcc/avr/4.3.3/avr5\libgcc.a(_addsub_sf.o)
 .debug_pubnames
                0x0000004f       0x1f d:/ahmedelshewemy/01-avr/imt_sdk_win_64/winavr/bin/../lib/gcc/avr/4.3.3/avr5\libgcc.a(_mul_sf.o)
 .debug_pubnames
                0x0000006e       0x1f d:/ahmedelshewemy/01-avr/imt_sdk_win_64/winavr/bin/../lib/gcc/avr/4.3.3/avr5\libgcc.a(_div_sf.o)
 .debug_pubnames
                0x0000008d       0x1e d:/ahmedelshewemy/01-avr/imt_sdk_win_64/winavr/bin/../lib/gcc/avr/4.3.3/avr5\libgcc.a(_gt_sf.o)
 .debug_pubnames
                0x000000ab       0x1e d:/ahmedelshewemy/01-avr/imt_sdk_win_64/winavr/bin/../lib/gcc/avr/4.3.3/avr5\libgcc.a(_ge_sf.o)
 .debug_pubnames
                0x000000c9       0x1e d:/ahmedelshewemy/01-avr/imt_sdk_win_64/winavr/bin/../lib/gcc/avr/4.3.3/avr5\libgcc.a(_lt_sf.o)
 .debug_pubnames
                0x000000e7       0x20 d:/ahmedelshewemy/01-avr/imt_sdk_win_64/winavr/bin/../lib/gcc/avr/4.3.3/avr5\libgcc.a(_sf_to_si.o)
 .debug_pubnames
                0x00000107       0x22 d:/ahmedelshewemy/01-avr/imt_sdk_win_64/winavr/bin/../lib/gcc/avr/4.3.3/avr5\libgcc.a(_thenan_sf.o)
 .debug_pubnames
                0x00000129       0x1f d:/ahmedelshewemy/01-avr/imt_sdk_win_64/winavr/bin/../lib/gcc/avr/4.3.3/avr5\libgcc.a(_pack_sf.o)
 .debug_pubnames
                0x00000148       0x21 d:/ahmedelshewemy/01-avr/imt_sdk_win_64/winavr/bin/../lib/gcc/avr/4.3.3/avr5\libgcc.a(_unpack_sf.o)
 .debug_pubnames
                0x00000169       0x26 d:/ahmedelshewemy/01-avr/imt_sdk_win_64/winavr/bin/../lib/gcc/avr/4.3.3/avr5\libgcc.a(_fpcmp_parts_sf.o)

.debug_info     0x00000000     0x2045
 *(.debug_info)
 .debug_info    0x00000000       0xb1 d:/ahmedelshewemy/01-avr/imt_sdk_win_64/winavr/bin/../lib/gcc/avr/4.3.3/avr5\libgcc.a(_fixunssfsi.o)
 .debug_info    0x000000b1      0x47a d:/ahmedelshewemy/01-avr/imt_sdk_win_64/winavr/bin/../lib/gcc/avr/4.3.3/avr5\libgcc.a(_addsub_sf.o)
 .debug_info    0x0000052b      0x485 d:/ahmedelshewemy/01-avr/imt_sdk_win_64/winavr/bin/../lib/gcc/avr/4.3.3/avr5\libgcc.a(_mul_sf.o)
 .debug_info    0x000009b0      0x3fc d:/ahmedelshewemy/01-avr/imt_sdk_win_64/winavr/bin/../lib/gcc/avr/4.3.3/avr5\libgcc.a(_div_sf.o)
 .debug_info    0x00000dac      0x27f d:/ahmedelshewemy/01-avr/imt_sdk_win_64/winavr/bin/../lib/gcc/avr/4.3.3/avr5\libgcc.a(_gt_sf.o)
 .debug_info    0x0000102b      0x27f d:/ahmedelshewemy/01-avr/imt_sdk_win_64/winavr/bin/../lib/gcc/avr/4.3.3/avr5\libgcc.a(_ge_sf.o)
 .debug_info    0x000012aa      0x27f d:/ahmedelshewemy/01-avr/imt_sdk_win_64/winavr/bin/../lib/gcc/avr/4.3.3/avr5\libgcc.a(_lt_sf.o)
 .debug_info    0x00001529      0x2b0 d:/ahmedelshewemy/01-avr/imt_sdk_win_64/winavr/bin/../lib/gcc/avr/4.3.3/avr5\libgcc.a(_sf_to_si.o)
 .debug_info    0x000017d9      0x12c d:/ahmedelshewemy/01-avr/imt_sdk_win_64/winavr/bin/../lib/gcc/avr/4.3.3/avr5\libgcc.a(_thenan_sf.o)
 .debug_info    0x00001905      0x2df d:/ahmedelshewemy/01-avr/imt_sdk_win_64/winavr/bin/../lib/gcc/avr/4.3.3/avr5\libgcc.a(_pack_sf.o)
 .debug_info    0x00001be4      0x251 d:/ahmedelshewemy/01-avr/imt_sdk_win_64/winavr/bin/../lib/gcc/avr/4.3.3/avr5\libgcc.a(_unpack_sf.o)
 .debug_info    0x00001e35      0x210 d:/ahmedelshewemy/01-avr/imt_sdk_win_64/winavr/bin/../lib/gcc/avr/4.3.3/avr5\libgcc.a(_fpcmp_parts_sf.o)
 *(.gnu.linkonce.wi.*)

.debug_abbrev   0x00000000     0x1101
 *(.debug_abbrev)
 .debug_abbrev  0x00000000       0x5d d:/ahmedelshewemy/01-avr/imt_sdk_win_64/winavr/bin/../lib/gcc/avr/4.3.3/avr5\libgcc.a(_fixunssfsi.o)
 .debug_abbrev  0x0000005d      0x1ea d:/ahmedelshewemy/01-avr/imt_sdk_win_64/winavr/bin/../lib/gcc/avr/4.3.3/avr5\libgcc.a(_addsub_sf.o)
 .debug_abbrev  0x00000247      0x21b d:/ahmedelshewemy/01-avr/imt_sdk_win_64/winavr/bin/../lib/gcc/avr/4.3.3/avr5\libgcc.a(_mul_sf.o)
 .debug_abbrev  0x00000462      0x216 d:/ahmedelshewemy/01-avr/imt_sdk_win_64/winavr/bin/../lib/gcc/avr/4.3.3/avr5\libgcc.a(_div_sf.o)
 .debug_abbrev  0x00000678      0x15a d:/ahmedelshewemy/01-avr/imt_sdk_win_64/winavr/bin/../lib/gcc/avr/4.3.3/avr5\libgcc.a(_gt_sf.o)
 .debug_abbrev  0x000007d2      0x15a d:/ahmedelshewemy/01-avr/imt_sdk_win_64/winavr/bin/../lib/gcc/avr/4.3.3/avr5\libgcc.a(_ge_sf.o)
 .debug_abbrev  0x0000092c      0x15a d:/ahmedelshewemy/01-avr/imt_sdk_win_64/winavr/bin/../lib/gcc/avr/4.3.3/avr5\libgcc.a(_lt_sf.o)
 .debug_abbrev  0x00000a86      0x17f d:/ahmedelshewemy/01-avr/imt_sdk_win_64/winavr/bin/../lib/gcc/avr/4.3.3/avr5\libgcc.a(_sf_to_si.o)
 .debug_abbrev  0x00000c05       0xad d:/ahmedelshewemy/01-avr/imt_sdk_win_64/winavr/bin/../lib/gcc/avr/4.3.3/avr5\libgcc.a(_thenan_sf.o)
 .debug_abbrev  0x00000cb2      0x1c0 d:/ahmedelshewemy/01-avr/imt_sdk_win_64/winavr/bin/../lib/gcc/avr/4.3.3/avr5\libgcc.a(_pack_sf.o)
 .debug_abbrev  0x00000e72      0x154 d:/ahmedelshewemy/01-avr/imt_sdk_win_64/winavr/bin/../lib/gcc/avr/4.3.3/avr5\libgcc.a(_unpack_sf.o)
 .debug_abbrev  0x00000fc6      0x13b d:/ahmedelshewemy/01-avr/imt_sdk_win_64/winavr/bin/../lib/gcc/avr/4.3.3/avr5\libgcc.a(_fpcmp_parts_sf.o)

.debug_line     0x00000000      0xf82
 *(.debug_line)
 .debug_line    0x00000000       0xa7 d:/ahmedelshewemy/01-avr/imt_sdk_win_64/winavr/bin/../lib/gcc/avr/4.3.3/avr5\libgcc.a(_fixunssfsi.o)
 .debug_line    0x000000a7      0x2af d:/ahmedelshewemy/01-avr/imt_sdk_win_64/winavr/bin/../lib/gcc/avr/4.3.3/avr5\libgcc.a(_addsub_sf.o)
 .debug_line    0x00000356      0x239 d:/ahmedelshewemy/01-avr/imt_sdk_win_64/winavr/bin/../lib/gcc/avr/4.3.3/avr5\libgcc.a(_mul_sf.o)
 .debug_line    0x0000058f      0x1d5 d:/ahmedelshewemy/01-avr/imt_sdk_win_64/winavr/bin/../lib/gcc/avr/4.3.3/avr5\libgcc.a(_div_sf.o)
 .debug_line    0x00000764       0xd3 d:/ahmedelshewemy/01-avr/imt_sdk_win_64/winavr/bin/../lib/gcc/avr/4.3.3/avr5\libgcc.a(_gt_sf.o)
 .debug_line    0x00000837       0xd3 d:/ahmedelshewemy/01-avr/imt_sdk_win_64/winavr/bin/../lib/gcc/avr/4.3.3/avr5\libgcc.a(_ge_sf.o)
 .debug_line    0x0000090a       0xd3 d:/ahmedelshewemy/01-avr/imt_sdk_win_64/winavr/bin/../lib/gcc/avr/4.3.3/avr5\libgcc.a(_lt_sf.o)
 .debug_line    0x000009dd      0x109 d:/ahmedelshewemy/01-avr/imt_sdk_win_64/winavr/bin/../lib/gcc/avr/4.3.3/avr5\libgcc.a(_sf_to_si.o)
 .debug_line    0x00000ae6       0x90 d:/ahmedelshewemy/01-avr/imt_sdk_win_64/winavr/bin/../lib/gcc/avr/4.3.3/avr5\libgcc.a(_thenan_sf.o)
 .debug_line    0x00000b76      0x18a d:/ahmedelshewemy/01-avr/imt_sdk_win_64/winavr/bin/../lib/gcc/avr/4.3.3/avr5\libgcc.a(_pack_sf.o)
 .debug_line    0x00000d00      0x14b d:/ahmedelshewemy/01-avr/imt_sdk_win_64/winavr/bin/../lib/gcc/avr/4.3.3/avr5\libgcc.a(_unpack_sf.o)
 .debug_line    0x00000e4b      0x137 d:/ahmedelshewemy/01-avr/imt_sdk_win_64/winavr/bin/../lib/gcc/avr/4.3.3/avr5\libgcc.a(_fpcmp_parts_sf.o)

.debug_frame    0x00000000      0x180
 *(.debug_frame)
 .debug_frame   0x00000000       0x20 d:/ahmedelshewemy/01-avr/imt_sdk_win_64/winavr/bin/../lib/gcc/avr/4.3.3/avr5\libgcc.a(_fixunssfsi.o)
 .debug_frame   0x00000020       0x40 d:/ahmedelshewemy/01-avr/imt_sdk_win_64/winavr/bin/../lib/gcc/avr/4.3.3/avr5\libgcc.a(_addsub_sf.o)
 .debug_frame   0x00000060       0x20 d:/ahmedelshewemy/01-avr/imt_sdk_win_64/winavr/bin/../lib/gcc/avr/4.3.3/avr5\libgcc.a(_mul_sf.o)
 .debug_frame   0x00000080       0x20 d:/ahmedelshewemy/01-avr/imt_sdk_win_64/winavr/bin/../lib/gcc/avr/4.3.3/avr5\libgcc.a(_div_sf.o)
 .debug_frame   0x000000a0       0x20 d:/ahmedelshewemy/01-avr/imt_sdk_win_64/winavr/bin/../lib/gcc/avr/4.3.3/avr5\libgcc.a(_gt_sf.o)
 .debug_frame   0x000000c0       0x20 d:/ahmedelshewemy/01-avr/imt_sdk_win_64/winavr/bin/../lib/gcc/avr/4.3.3/avr5\libgcc.a(_ge_sf.o)
 .debug_frame   0x000000e0       0x20 d:/ahmedelshewemy/01-avr/imt_sdk_win_64/winavr/bin/../lib/gcc/avr/4.3.3/avr5\libgcc.a(_lt_sf.o)
 .debug_frame   0x00000100       0x20 d:/ahmedelshewemy/01-avr/imt_sdk_win_64/winavr/bin/../lib/gcc/avr/4.3.3/avr5\libgcc.a(_sf_to_si.o)
 .debug_frame   0x00000120       0x20 d:/ahmedelshewemy/01-avr/imt_sdk_win_64/winavr/bin/../lib/gcc/avr/4.3.3/avr5\libgcc.a(_pack_sf.o)
 .debug_frame   0x00000140       0x20 d:/ahmedelshewemy/01-avr/imt_sdk_win_64/winavr/bin/../lib/gcc/avr/4.3.3/avr5\libgcc.a(_unpack_sf.o)
 .debug_frame   0x00000160       0x20 d:/ahmedelshewemy/01-avr/imt_sdk_win_64/winavr/bin/../lib/gcc/avr/4.3.3/avr5\libgcc.a(_fpcmp_parts_sf.o)

.debug_str      0x00000000      0x2c2
 *(.debug_str)
 .debug_str     0x00000000       0xbf d:/ahmedelshewemy/01-avr/imt_sdk_win_64/winavr/bin/../lib/gcc/avr/4.3.3/avr5\libgcc.a(_fixunssfsi.o)
                                 0xfe (size before relaxing)
 .debug_str     0x000000bf      0x14d d:/ahmedelshewemy/01-avr/imt_sdk_win_64/winavr/bin/../lib/gcc/avr/4.3.3/avr5\libgcc.a(_addsub_sf.o)
                                0x206 (size before relaxing)
 .debug_str     0x0000020c       0x27 d:/ahmedelshewemy/01-avr/imt_sdk_win_64/winavr/bin/../lib/gcc/avr/4.3.3/avr5\libgcc.a(_mul_sf.o)
                                0x1bf (size before relaxing)
 .debug_str     0x00000233       0x35 d:/ahmedelshewemy/01-avr/imt_sdk_win_64/winavr/bin/../lib/gcc/avr/4.3.3/avr5\libgcc.a(_div_sf.o)
                                0x1c8 (size before relaxing)
 .debug_str     0x00000268        0xf d:/ahmedelshewemy/01-avr/imt_sdk_win_64/winavr/bin/../lib/gcc/avr/4.3.3/avr5\libgcc.a(_gt_sf.o)
                                0x195 (size before relaxing)
 .debug_str     0x00000277        0x8 d:/ahmedelshewemy/01-avr/imt_sdk_win_64/winavr/bin/../lib/gcc/avr/4.3.3/avr5\libgcc.a(_ge_sf.o)
                                0x195 (size before relaxing)
 .debug_str     0x0000027f        0x8 d:/ahmedelshewemy/01-avr/imt_sdk_win_64/winavr/bin/../lib/gcc/avr/4.3.3/avr5\libgcc.a(_lt_sf.o)
                                0x195 (size before relaxing)
 .debug_str     0x00000287        0xa d:/ahmedelshewemy/01-avr/imt_sdk_win_64/winavr/bin/../lib/gcc/avr/4.3.3/avr5\libgcc.a(_sf_to_si.o)
                                0x19e (size before relaxing)
 .debug_str     0x00000000      0x103 d:/ahmedelshewemy/01-avr/imt_sdk_win_64/winavr/bin/../lib/gcc/avr/4.3.3/avr5\libgcc.a(_thenan_sf.o)
 .debug_str     0x00000291       0x16 d:/ahmedelshewemy/01-avr/imt_sdk_win_64/winavr/bin/../lib/gcc/avr/4.3.3/avr5\libgcc.a(_pack_sf.o)
                                0x19d (size before relaxing)
 .debug_str     0x000002a7        0xb d:/ahmedelshewemy/01-avr/imt_sdk_win_64/winavr/bin/../lib/gcc/avr/4.3.3/avr5\libgcc.a(_unpack_sf.o)
                                0x17f (size before relaxing)
 .debug_str     0x000002b2       0x10 d:/ahmedelshewemy/01-avr/imt_sdk_win_64/winavr/bin/../lib/gcc/avr/4.3.3/avr5\libgcc.a(_fpcmp_parts_sf.o)
                                0x163 (size before relaxing)

.debug_loc      0x00000000      0x88e
 *(.debug_loc)
 .debug_loc     0x00000000       0x34 d:/ahmedelshewemy/01-avr/imt_sdk_win_64/winavr/bin/../lib/gcc/avr/4.3.3/avr5\libgcc.a(_fixunssfsi.o)
 .debug_loc     0x00000034      0x32a d:/ahmedelshewemy/01-avr/imt_sdk_win_64/winavr/bin/../lib/gcc/avr/4.3.3/avr5\libgcc.a(_addsub_sf.o)
 .debug_loc     0x0000035e      0x104 d:/ahmedelshewemy/01-avr/imt_sdk_win_64/winavr/bin/../lib/gcc/avr/4.3.3/avr5\libgcc.a(_mul_sf.o)
 .debug_loc     0x00000462       0xc0 d:/ahmedelshewemy/01-avr/imt_sdk_win_64/winavr/bin/../lib/gcc/avr/4.3.3/avr5\libgcc.a(_div_sf.o)
 .debug_loc     0x00000522       0x3c d:/ahmedelshewemy/01-avr/imt_sdk_win_64/winavr/bin/../lib/gcc/avr/4.3.3/avr5\libgcc.a(_gt_sf.o)
 .debug_loc     0x0000055e       0x3c d:/ahmedelshewemy/01-avr/imt_sdk_win_64/winavr/bin/../lib/gcc/avr/4.3.3/avr5\libgcc.a(_ge_sf.o)
 .debug_loc     0x0000059a       0x3c d:/ahmedelshewemy/01-avr/imt_sdk_win_64/winavr/bin/../lib/gcc/avr/4.3.3/avr5\libgcc.a(_lt_sf.o)
 .debug_loc     0x000005d6       0x7e d:/ahmedelshewemy/01-avr/imt_sdk_win_64/winavr/bin/../lib/gcc/avr/4.3.3/avr5\libgcc.a(_sf_to_si.o)
 .debug_loc     0x00000654      0x13e d:/ahmedelshewemy/01-avr/imt_sdk_win_64/winavr/bin/../lib/gcc/avr/4.3.3/avr5\libgcc.a(_pack_sf.o)
 .debug_loc     0x00000792       0xac d:/ahmedelshewemy/01-avr/imt_sdk_win_64/winavr/bin/../lib/gcc/avr/4.3.3/avr5\libgcc.a(_unpack_sf.o)
 .debug_loc     0x0000083e       0x50 d:/ahmedelshewemy/01-avr/imt_sdk_win_64/winavr/bin/../lib/gcc/avr/4.3.3/avr5\libgcc.a(_fpcmp_parts_sf.o)

.debug_macinfo
 *(.debug_macinfo)
OUTPUT(SmartHome.elf elf32-avr)
LOAD linker stubs

.debug_ranges   0x00000000       0x50
 .debug_ranges  0x00000000       0x50 d:/ahmedelshewemy/01-avr/imt_sdk_win_64/winavr/bin/../lib/gcc/avr/4.3.3/avr5\libgcc.a(_mul_sf.o)
